15:45:11 **** Incremental Build of configuration Debug for project deff ****
make -j7 all 
arm-none-eabi-size  deff.elf 
   text	   data	    bss	    dec	    hex	filename
  13308	     92	   2044	  15444	   3c54	deff.elf
Finished building: default.size.stdout
 
15:45:14 **** Incremental Build of configuration Debug for project deff ****
make -j7 all 
arm-none-eabi-size  deff.elf 
   text	   data	    bss	    dec	    hex	filename
  13308	     92	   2044	  15444	   3c54	deff.elf
Finished building: default.size.stdout
 
15:45:24 **** Incremental Build of configuration Debug for project deff ****
make -j7 all 
arm-none-eabi-size  deff.elf 
   text	   data	    bss	    dec	    hex	filename
  13308	     92	   2044	  15444	   3c54	deff.elf
Finished building: default.size.stdout
 
