17:28:47 **** Incremental Build of configuration Debug for project blink_test ****
make -j7 all 
arm-none-eabi-size  blink_test.elf 
   text	   data	    bss	    dec	    hex	filename
   5712	     12	   1572	   7296	   1c80	blink_test.elf
Finished building: default.size.stdout
 
17:28:50 **** Incremental Build of configuration Debug for project blink_test ****
make -j7 all 
arm-none-eabi-size  blink_test.elf 
   text	   data	    bss	    dec	    hex	filename
   5712	     12	   1572	   7296	   1c80	blink_test.elf
Finished building: default.size.stdout
 
